this is a really long line that should be wrapped... please god, let it be
wrapped... and properly so
