MIXED_CASE = 'MixedCase'
MORE_MIXED_CASE = 'MoreMixedCase'
