if a == 1 and b == 2: print 'good'
if a == 10and b == 20: print 'good'
