a                                                    = 1
ab                                                   = 2
abcdefghijklmnopqrstuvwxyzABCDEFGHIJKLMNOPQRSTUVWXYZ = 3
ab                                                   = 4
a                                                    = 5
