a                                                    = 1
ab                                                   = 2
abcdefghijklmnopqrstuvwxyzABCDEFGHIJKLMNOPQRSTUVWXYZ012345678901234567890123456789= 3
ab                                                   = 4
a                                                    = 5
