a       = b = 3
c       = d  = 4
e       = f = 5
g       = 6
h       = 7
